6.00376